> tick: 0
input(s):
  in_1: U
  in_2: U
output(s):
  out: U
> > > > tick: 1
input(s):
  in_1: 1
  in_2: 0
output(s):
  out: 0
> 