> tick: 0
input(s):
  in_01: U
  in_02: U
  in_05: U
  in_06: U
  in_08: U
  in_09: U
  in_12: U
  in_13: U
output(s):
  out_03: U
  out_04: U
  out_10: U
  out_11: U
> > > > tick: 1
input(s):
  in_01: 1
  in_02: 1
  in_05: U
  in_06: U
  in_08: U
  in_09: U
  in_12: U
  in_13: U
output(s):
  out_03: 1
  out_04: U
  out_10: U
  out_11: U
> > > tick: 2
input(s):
  in_01: 0
  in_02: 1
  in_05: U
  in_06: U
  in_08: U
  in_09: U
  in_12: U
  in_13: U
output(s):
  out_03: 0
  out_04: U
  out_10: U
  out_11: U
> > > tick: 3
input(s):
  in_01: U
  in_02: 1
  in_05: U
  in_06: U
  in_08: U
  in_09: U
  in_12: U
  in_13: U
output(s):
  out_03: U
  out_04: U
  out_10: U
  out_11: U
> 