> tick: 0
input(s):
  in_1: U
  in_2: U
output(s):
  out: U
> > > > tick: 1
input(s):
  in_1: 1
  in_2: 0
output(s):
  out: 0
> > > > tick: 2
input(s):
  in_1: 0
  in_2: 1
output(s):
  out: 0
> > > tick: 3
input(s):
  in_1: 1
  in_2: 1
output(s):
  out: 1
> 