> tick: 0
input(s):
  in: U
output(s):
  out: U
> > > tick: 1
input(s):
  in: 0
output(s):
  out: 0
> > > tick: 2
input(s):
  in: 1
output(s):
  out: 1
> 